ERC report (2026-09-10T03:09:12, Encoding UTF8)
Report includes: Errors, Warnings, Exclusions

***** Sheet /
[power_pin_not_driven]: Input Power pin not driven by any Output Power pins
    ; error
    @(1200 mils, 2250 mils): Symbol #PWR02 Pin 1 [Power input, Line]
[pin_not_connected]: Pin not connected
    ; error
    @(1200 mils, 4150 mils): Symbol #PWR03 Pin 1 [Power input, Line]
[power_pin_not_driven]: Input Power pin not driven by any Output Power pins
    ; error
    @(1200 mils, 4150 mils): Symbol #PWR03 Pin 1 [Power input, Line]
[pin_not_connected]: Pin not connected
    ; error
    @(1800 mils, 2700 mils): Symbol #PWR01 Pin 1 [Power input, Line]
[power_pin_not_driven]: Input Power pin not driven by any Output Power pins
    ; error
    @(1800 mils, 2700 mils): Symbol #PWR01 Pin 1 [Power input, Line]
[pin_not_connected]: Pin not connected
    ; error
    @(3350 mils, 3200 mils): Symbol J6 Pin 1 [Pin_1, Passive, Line]
[pin_not_connected]: Pin not connected
    ; error
    @(3350 mils, 3300 mils): Symbol J6 Pin 2 [Pin_2, Passive, Line]
[label_dangling]: Label not connected
    ; error
    @(4050 mils, 4100 mils): Label 'PMS_TX'
[label_dangling]: Label not connected
    ; error
    @(4200 mils, 2000 mils): Label 'SCL'
[label_dangling]: Label not connected
    ; error
    @(4200 mils, 2100 mils): Label 'SDA'
[label_dangling]: Label not connected
    ; error
    @(4200 mils, 3900 mils): Label 'SDA'
[label_dangling]: Label not connected
    ; error
    @(4250 mils, 5100 mils): Label 'PMS_TX'
[label_dangling]: Label not connected
    ; error
    @(4350 mils, 2850 mils): Label 'SCL'
[label_dangling]: Label not connected
    ; error
    @(4350 mils, 2950 mils): Label 'SDA'
[label_dangling]: Label not connected
    ; error
    @(4400 mils, 4000 mils): Label 'SCL'
[pin_not_connected]: Pin not connected
    ; error
    @(4700 mils, 1800 mils): Symbol J1 Pin 1 [Pin_1, Passive, Line]
[pin_not_connected]: Pin not connected
    ; error
    @(4700 mils, 1900 mils): Symbol J1 Pin 2 [Pin_2, Passive, Line]
[pin_not_connected]: Pin not connected
    ; error
    @(4700 mils, 2000 mils): Symbol J1 Pin 3 [Pin_3, Passive, Line]
[pin_not_connected]: Pin not connected
    ; error
    @(4700 mils, 2100 mils): Symbol J1 Pin 4 [Pin_4, Passive, Line]
[pin_not_connected]: Pin not connected
    ; error
    @(4750 mils, 2650 mils): Symbol J3 Pin 1 [Pin_1, Passive, Line]
[pin_not_connected]: Pin not connected
    ; error
    @(4750 mils, 2750 mils): Symbol J3 Pin 2 [Pin_2, Passive, Line]
[pin_not_connected]: Pin not connected
    ; error
    @(4750 mils, 2850 mils): Symbol J3 Pin 3 [Pin_3, Passive, Line]
[pin_not_connected]: Pin not connected
    ; error
    @(4750 mils, 2950 mils): Symbol J3 Pin 4 [Pin_4, Passive, Line]
[pin_not_connected]: Pin not connected
    ; error
    @(4800 mils, 3700 mils): Symbol J4 Pin 1 [Pin_1, Passive, Line]
[pin_not_connected]: Pin not connected
    ; error
    @(4800 mils, 3800 mils): Symbol J4 Pin 2 [Pin_2, Passive, Line]
[pin_not_connected]: Pin not connected
    ; error
    @(4800 mils, 3900 mils): Symbol J4 Pin 3 [Pin_3, Passive, Line]
[pin_not_connected]: Pin not connected
    ; error
    @(4800 mils, 4000 mils): Symbol J4 Pin 4 [Pin_4, Passive, Line]
[pin_not_connected]: Pin not connected
    ; error
    @(4800 mils, 4100 mils): Symbol J4 Pin 5 [Pin_5, Passive, Line]
[pin_not_connected]: Pin not connected
    ; error
    @(4800 mils, 4200 mils): Symbol J4 Pin 6 [Pin_6, Passive, Line]
[pin_not_connected]: Pin not connected
    ; error
    @(4850 mils, 4900 mils): Symbol J5 Pin 1 [Pin_1, Passive, Line]
[pin_not_connected]: Pin not connected
    ; error
    @(4850 mils, 5000 mils): Symbol J5 Pin 2 [Pin_2, Passive, Line]
[pin_not_connected]: Pin not connected
    ; error
    @(4850 mils, 5100 mils): Symbol J5 Pin 3 [Pin_3, Passive, Line]
[pin_not_connected]: Pin not connected
    ; error
    @(4850 mils, 5200 mils): Symbol J5 Pin 4 [Pin_4, Passive, Line]
[pin_not_connected]: Pin not connected
    ; error
    @(5550 mils, 3200 mils): Symbol SW1 Pin 2 [B, Passive, Line]
[label_dangling]: Label not connected
    ; error
    @(5750 mils, 1850 mils): Label 'SDA'
[label_dangling]: Label not connected
    ; error
    @(5800 mils, 1750 mils): Label 'SCL'
[pin_not_connected]: Pin not connected
    ; error
    @(6250 mils, 1550 mils): Symbol J2 Pin 1 [Pin_1, Passive, Line]
[pin_not_connected]: Pin not connected
    ; error
    @(6250 mils, 1650 mils): Symbol J2 Pin 2 [Pin_2, Passive, Line]
[pin_not_connected]: Pin not connected
    ; error
    @(6250 mils, 1750 mils): Symbol J2 Pin 3 [Pin_3, Passive, Line]
[pin_not_connected]: Pin not connected
    ; error
    @(6250 mils, 1850 mils): Symbol J2 Pin 4 [Pin_4, Passive, Line]
[pin_not_connected]: Pin not connected
    ; error
    @(6250 mils, 1950 mils): Symbol J2 Pin 5 [Pin_5, Passive, Line]
[pin_not_connected]: Pin not connected
    ; error
    @(6250 mils, 2050 mils): Symbol J2 Pin 6 [Pin_6, Passive, Line]
[pin_not_connected]: Pin not connected
    ; error
    @(6250 mils, 2150 mils): Symbol J2 Pin 7 [Pin_7, Passive, Line]
[unconnected_wire_endpoint]: Unconnected wire endpoint
    ; warning
    @(2700 mils, 3200 mils): Horizontal Wire, length 500 mils
[unconnected_wire_endpoint]: Unconnected wire endpoint
    ; warning
    @(3800 mils, 1800 mils): Horizontal Wire, length 700 mils
[unconnected_wire_endpoint]: Unconnected wire endpoint
    ; warning
    @(4200 mils, 2000 mils): Horizontal Wire, length 300 mils
[unconnected_wire_endpoint]: Unconnected wire endpoint
    ; warning
    @(4200 mils, 2100 mils): Horizontal Wire, length 300 mils
[unconnected_wire_endpoint]: Unconnected wire endpoint
    ; warning
    @(2250 mils, 1900 mils): Horizontal Wire, length 2300 mils
[unconnected_wire_endpoint]: Unconnected wire endpoint
    ; warning
    @(4050 mils, 2650 mils): Horizontal Wire, length 550 mils
[unconnected_wire_endpoint]: Unconnected wire endpoint
    ; warning
    @(4400 mils, 2750 mils): Horizontal Wire, length 200 mils
[unconnected_wire_endpoint]: Unconnected wire endpoint
    ; warning
    @(4350 mils, 2850 mils): Horizontal Wire, length 250 mils
[unconnected_wire_endpoint]: Unconnected wire endpoint
    ; warning
    @(4350 mils, 2950 mils): Horizontal Wire, length 250 mils
[unconnected_wire_endpoint]: Unconnected wire endpoint
    ; warning
    @(3950 mils, 3700 mils): Horizontal Wire, length 650 mils
[unconnected_wire_endpoint]: Unconnected wire endpoint
    ; warning
    @(4200 mils, 3900 mils): Horizontal Wire, length 400 mils
[unconnected_wire_endpoint]: Unconnected wire endpoint
    ; warning
    @(4050 mils, 4100 mils): Horizontal Wire, length 550 mils
[unconnected_wire_endpoint]: Unconnected wire endpoint
    ; warning
    @(4100 mils, 3800 mils): Horizontal Wire, length 550 mils
[unconnected_wire_endpoint]: Unconnected wire endpoint
    ; warning
    @(4400 mils, 4000 mils): Horizontal Wire, length 250 mils
[unconnected_wire_endpoint]: Unconnected wire endpoint
    ; warning
    @(4500 mils, 4200 mils): Horizontal Wire, length 150 mils
[unconnected_wire_endpoint]: Unconnected wire endpoint
    ; warning
    @(3400 mils, 4900 mils): Horizontal Wire, length 1250 mils
[unconnected_wire_endpoint]: Unconnected wire endpoint
    ; warning
    @(4250 mils, 5100 mils): Horizontal Wire, length 400 mils
[unconnected_wire_endpoint]: Unconnected wire endpoint
    ; warning
    @(2350 mils, 5000 mils): Horizontal Wire, length 2350 mils
[no_connect_dangling]: Unconnected "no connection" flag
    ; warning
    @(4700 mils, 5200 mils): No Connect
[unconnected_wire_endpoint]: Unconnected wire endpoint
    ; warning
    @(5700 mils, 1550 mils): Horizontal Wire, length 350 mils
[unconnected_wire_endpoint]: Unconnected wire endpoint
    ; warning
    @(5800 mils, 1750 mils): Horizontal Wire, length 250 mils
[unconnected_wire_endpoint]: Unconnected wire endpoint
    ; warning
    @(5750 mils, 1850 mils): Horizontal Wire, length 300 mils
[no_connect_dangling]: Unconnected "no connection" flag
    ; warning
    @(6050 mils, 1950 mils): No Connect
[no_connect_dangling]: Unconnected "no connection" flag
    ; warning
    @(6050 mils, 2050 mils): No Connect
[no_connect_dangling]: Unconnected "no connection" flag
    ; warning
    @(6050 mils, 2150 mils): No Connect
[unconnected_wire_endpoint]: Unconnected wire endpoint
    ; warning
    @(5550 mils, 1650 mils): Horizontal Wire, length 550 mils

 ** ERC messages: 69  Errors 43  Warnings 26

 ** Ignored checks:
    - Global label only appears once in the schematic
    - Four connection points are joined together
    - SPICE model issue
    - Assigned footprint doesn't match footprint filters
