Copyright 1986-2022 Xilinx, Inc. All Rights Reserved. Copyright 2022-2026 Advanced Micro Devices, Inc. All Rights Reserved.
---------------------------------------------------------------------------------------------------------------------------------------------
| Tool Version : Vivado v.2026.1 (win64) Build 6511674 Tue Jun 16 11:02:23 MDT 2026
| Date         : Thu Aug 27 02:16:38 2026
| Host         : ABHINAV running 64-bit major release  (build 9200)
| Command      : report_control_sets -verbose -file axi_ppg_accelerator_control_sets_placed.rpt
| Design       : axi_ppg_accelerator
| Device       : xc7z020
---------------------------------------------------------------------------------------------------------------------------------------------

Control Set Information

Table of Contents
-----------------
1. Summary
2. Histogram
3. Flip-Flop Distribution
4. Detailed Control Set Information

1. Summary
----------

+----------------------------------------------------------+-------+
|                          Status                          | Count |
+----------------------------------------------------------+-------+
| Total control sets                                       |    17 |
|    Minimum number of control sets                        |    17 |
|    Addition due to synthesis replication                 |     0 |
|    Addition due to physical synthesis replication        |     0 |
| Unused register locations in slices containing registers |    30 |
+----------------------------------------------------------+-------+
* Control sets can be merged at opt_design using control_set_merge or merge_equivalent_drivers
** Run report_qor_suggestions for automated merging and remapping suggestions


2. Histogram
------------

+--------------------+-------+
|       Fanout       | Count |
+--------------------+-------+
| Total control sets |    17 |
| >= 0 to < 4        |     2 |
| >= 4 to < 6        |     1 |
| >= 6 to < 8        |     0 |
| >= 8 to < 10       |     4 |
| >= 10 to < 12      |     1 |
| >= 12 to < 14      |     0 |
| >= 14 to < 16      |     0 |
| >= 16              |     9 |
+--------------------+-------+
* Control sets can be remapped at either synth_design or opt_design


3. Flip-Flop Distribution
-------------------------

+--------------+-----------------------+------------------------+-----------------+--------------+
| Clock Enable | Synchronous Set/Reset | Asynchronous Set/Reset | Total Registers | Total Slices |
+--------------+-----------------------+------------------------+-----------------+--------------+
| No           | No                    | No                     |               5 |            3 |
| No           | No                    | Yes                    |               0 |            0 |
| No           | Yes                   | No                     |              11 |            6 |
| Yes          | No                    | No                     |              16 |            4 |
| Yes          | No                    | Yes                    |               0 |            0 |
| Yes          | Yes                   | No                     |             234 |           63 |
+--------------+-----------------------+------------------------+-----------------+--------------+


4. Detailed Control Set Information
-----------------------------------

+-----------------------+----------------------------------+------------------+------------------+----------------+--------------+
|      Clock Signal     |           Enable Signal          | Set/Reset Signal | Slice Load Count | Bel Load Count | Bels / Slice |
+-----------------------+----------------------------------+------------------+------------------+----------------+--------------+
|  s_axi_aclk_IBUF_BUFG | s_axi_arready0                   | u_peak_det/SR[0] |                1 |              3 |         3.00 |
|  s_axi_aclk_IBUF_BUFG | s_axi_awready0                   | u_peak_det/SR[0] |                1 |              3 |         3.00 |
|  s_axi_aclk_IBUF_BUFG |                                  |                  |                3 |              5 |         1.67 |
|  s_axi_aclk_IBUF_BUFG | reg_ir_raw[0]                    | u_peak_det/SR[0] |                2 |              8 |         4.00 |
|  s_axi_aclk_IBUF_BUFG | reg_red_raw[0]                   | u_peak_det/SR[0] |                2 |              8 |         4.00 |
|  s_axi_aclk_IBUF_BUFG | reg_threshold[0]                 | u_peak_det/SR[0] |                1 |              8 |         8.00 |
|  s_axi_aclk_IBUF_BUFG | u_filter_red/E[0]                | u_peak_det/SR[0] |                2 |              8 |         4.00 |
|  s_axi_aclk_IBUF_BUFG |                                  | u_peak_det/SR[0] |                6 |             11 |         1.83 |
|  s_axi_aclk_IBUF_BUFG | ir_sample_valid_reg_n_0          |                  |                2 |             16 |         8.00 |
|  s_axi_aclk_IBUF_BUFG | red_sample_valid_reg_n_0         |                  |                2 |             16 |         8.00 |
|  s_axi_aclk_IBUF_BUFG | s_axi_wready0                    | u_peak_det/SR[0] |                3 |             16 |         5.33 |
|  s_axi_aclk_IBUF_BUFG | ir_sample_valid_reg_n_0          | u_peak_det/SR[0] |                7 |             26 |         3.71 |
|  s_axi_aclk_IBUF_BUFG | red_sample_valid_reg_n_0         | u_peak_det/SR[0] |                6 |             26 |         4.33 |
|  s_axi_aclk_IBUF_BUFG | u_peak_det/interval_cnt_0[0]     | u_peak_det/SR[0] |                7 |             32 |         4.57 |
|  s_axi_aclk_IBUF_BUFG | u_peak_det/refractory_cnt_1[0]   | u_peak_det/SR[0] |                8 |             32 |         4.00 |
|  s_axi_aclk_IBUF_BUFG | s_axi_rvalid01_out               | u_peak_det/SR[0] |                8 |             32 |         4.00 |
|  s_axi_aclk_IBUF_BUFG | u_peak_det/beat_detected_i_1_n_0 | u_peak_det/SR[0] |               15 |             32 |         2.13 |
+-----------------------+----------------------------------+------------------+------------------+----------------+--------------+


